Last login: Sun Dec 28 22:53:24 on console
entireskill@Entire-Skill-MacBook-Air ~ % cd entireskill
cd: no such file or directory: entireskill
entireskill@Entire-Skill-MacBook-Air ~ % cd ~/entireskill
cd: no such file or directory: /Users/entireskill/entireskill
entireskill@Entire-Skill-MacBook-Air ~ % cd
entireskill@Entire-Skill-MacBook-Air ~ % cd /Users/thiru/Dev/APP

cd: no such file or directory: /Users/thiru/Dev/APP
entireskill@Entire-Skill-MacBook-Air ~ % cd /Users/entireskill/Dev/APP
entireskill@Entire-Skill-MacBook-Air APP % pwd
/Users/entireskill/Dev/APP
entireskill@Entire-Skill-MacBook-Air APP % ls
app			gradle.properties
build.gradle		README.md
gradle			settings.gradle
entireskill@Entire-Skill-MacBook-Air APP % mkdir -p .github/workflows

entireskill@Entire-Skill-MacBook-Air APP % ls -a

.			app
..			build.gradle
.DS_Store		gradle
.github			gradle.properties
.gitignore		README.md
.gradle			settings.gradle
entireskill@Entire-Skill-MacBook-Air APP % touch .github/workflows/android-build.yml

entireskill@Entire-Skill-MacBook-Air APP % ls .github/workflows

android-build.yml
entireskill@Entire-Skill-MacBook-Air APP % ls -a

.			app
..			build.gradle
.DS_Store		gradle
.github			gradle.properties
.gitignore		README.md
.gradle			settings.gradle
entireskill@Entire-Skill-MacBook-Air APP % ls
app			gradle.properties
build.gradle		README.md
gradle			settings.gradle
entireskill@Entire-Skill-MacBook-Air APP % ls gradle/wrapper

gradle-wrapper.properties
entireskill@Entire-Skill-MacBook-Air APP % touch gradlew

entireskill@Entire-Skill-MacBook-Air APP % #!/usr/bin/env sh

##############################################################################
##
##  Gradle start up script for POSIX generated by Gradle.
##
##############################################################################

DIR="$(cd "$(dirname "$0")" && pwd)"
GRADLE_OPTS="-Dorg.gradle.appname=gradlew"

exec "$DIR/gradle/wrapper/gradle-wrapper.jar" "$@"

zsh: event not found: /usr/bin/env
entireskill@Entire-Skill-MacBook-Air APP % nano gradlew

entireskill@Entire-Skill-MacBook-Air APP % chmod +x gradlew

entireskill@Entire-Skill-MacBook-Air APP % ls -l gradlew

-rwxr-xr-x  1 entireskill  staff  0 30 Dec 06:17 gradlew
entireskill@Entire-Skill-MacBook-Air APP % head -n 3 gradlew

entireskill@Entire-Skill-MacBook-Air APP % nano gradlew

entireskill@Entire-Skill-MacBook-Air APP % chmod +x gradlew

entireskill@Entire-Skill-MacBook-Air APP % ls -l gradlew

-rwxr-xr-x  1 entireskill  staff  0 30 Dec 06:17 gradlew
entireskill@Entire-Skill-MacBook-Air APP % nano gradlew


  UW PICO 5.09               File: gradlew                Modified  

#!/usr/bin/env sh

###################################################################$
##
##  Gradle start up script for POSIX generated by Gradle.
##
###################################################################$

DIR="$(cd "$(dirname "$0")" && pwd)"
GRADLE_OPTS="-Dorg.gradle.appname=gradlew"

exec "$DIR/gradle/wrapper/gradle-wrapper.jar" "$@"




^G Get Help^O WriteOut^R Read Fil^Y Prev Pg ^K Cut Text^C Cur Pos 
^X Exit    ^J Justify ^W Where is^V Next Pg ^U UnCut Te^T To Spell
